RimWorld 1.4.3901 rev238
UnityEngine.StackTraceUtility:ExtractStackTrace ()
Verse.Log:Message (string)
RimWorld.VersionControl:LogVersionNumber ()
Verse.Root:CheckGlobalInit ()
Verse.Root:Start ()
Verse.Root_Entry:Start ()

XML error: Could not find parent node named "PlantName" for node "ThingDef". Full node: <ThingDef ParentName="PlantName" Name="MeowflowerBase" Abstract="True"><graphicData><texPath>CM_Things/Plant/Meowflower</texPath><graphicClass>Graphic_Random</graphicClass></graphicData><selectable>true</selectable><plant><immatureGraphicPath>CM_Things/Plant/ImmatureMeowflower</immatureGraphicPath><growDays>8</growDays><dieIfLeafless>false</dieIfLeafless><harvestWork>400</harvestWork><harvestTag>Standard</harvestTag><harvestedThingDef>ExamplePlant_RawTheragold</harvestedThingDef><harvestYield>8</harvestYield><topWindExposure>0.1</topWindExposure><visualSizeRange>0.3~1.0</visualSizeRange><wildOrder>2</wildOrder><allowAutoCut>false</allowAutoCut></plant></ThingDef>
UnityEngine.StackTraceUtility:ExtractStackTrace ()
Verse.Log:Error (string)
Verse.XmlInheritance:GetBestParentFor (Verse.XmlInheritance/XmlInheritanceNode,string)
Verse.XmlInheritance:ResolveParentsAndChildNodesLinks ()
Verse.XmlInheritance:Resolve ()
Verse.LoadedModManager:ParseAndProcessXML (System.Xml.XmlDocument,System.Collections.Generic.Dictionary`2<System.Xml.XmlNode, Verse.LoadableXmlAsset>)
Verse.LoadedModManager:LoadAllActiveMods ()
Verse.PlayDataLoader:DoPlayLoad ()
Verse.PlayDataLoader:LoadAllPlayData (bool)
Verse.Root/<>c:<Start>b__6_1 ()
Verse.LongEventHandler:RunEventFromAnotherThread (System.Action)
Verse.LongEventHandler/<>c:<UpdateCurrentAsynchronousEvent>b__27_0 ()
System.Threading.ThreadHelper:ThreadStart_Context (object)
System.Threading.ExecutionContext:RunInternal (System.Threading.ExecutionContext,System.Threading.ContextCallback,object,bool)
System.Threading.ExecutionContext:Run (System.Threading.ExecutionContext,System.Threading.ContextCallback,object,bool)
System.Threading.ExecutionContext:Run (System.Threading.ExecutionContext,System.Threading.ContextCallback,object)
System.Threading.ThreadHelper:ThreadStart ()

XML error: Could not find parent node named "MeowFlowerBase" for node "ThingDef". Full node: <ThingDef ParentName="MeowFlowerBase"><defName>CM_MeowflowerWild</defName><label>Wild Meowflower</label></ThingDef>
UnityEngine.StackTraceUtility:ExtractStackTrace ()
Verse.Log:Error (string)
Verse.XmlInheritance:GetBestParentFor (Verse.XmlInheritance/XmlInheritanceNode,string)
Verse.XmlInheritance:ResolveParentsAndChildNodesLinks ()
Verse.XmlInheritance:Resolve ()
Verse.LoadedModManager:ParseAndProcessXML (System.Xml.XmlDocument,System.Collections.Generic.Dictionary`2<System.Xml.XmlNode, Verse.LoadableXmlAsset>)
Verse.LoadedModManager:LoadAllActiveMods ()
Verse.PlayDataLoader:DoPlayLoad ()
Verse.PlayDataLoader:LoadAllPlayData (bool)
Verse.Root/<>c:<Start>b__6_1 ()
Verse.LongEventHandler:RunEventFromAnotherThread (System.Action)
Verse.LongEventHandler/<>c:<UpdateCurrentAsynchronousEvent>b__27_0 ()
System.Threading.ThreadHelper:ThreadStart_Context (object)
System.Threading.ExecutionContext:RunInternal (System.Threading.ExecutionContext,System.Threading.ContextCallback,object,bool)
System.Threading.ExecutionContext:Run (System.Threading.ExecutionContext,System.Threading.ContextCallback,object,bool)
System.Threading.ExecutionContext:Run (System.Threading.ExecutionContext,System.Threading.ContextCallback,object)
System.Threading.ThreadHelper:ThreadStart ()

XML error: <Textures><texPath>/CM_Things/Item/Resource_CM_FemboyOre.png</texPath></Textures> doesn't correspond to any field in type GraphicData. Context: <graphicData><Textures><texPath>/CM_Things/Item/Resource_CM_FemboyOre.png</texPath></Textures><graphicClass>Graphic_StackCount</graphicClass></graphicData>
UnityEngine.StackTraceUtility:ExtractStackTrace ()
Verse.Log:Error (string)
Verse.DirectXmlToObject:ObjectFromXml<Verse.GraphicData> (System.Xml.XmlNode,bool)
Verse.DirectXmlToObject:ObjectFromXmlReflection<Verse.GraphicData> (System.Xml.XmlNode,bool)
Verse.DirectXmlToObject:ObjectFromXml<Verse.ThingDef> (System.Xml.XmlNode,bool)
Verse.DirectXmlToObject:ObjectFromXmlReflection<Verse.ThingDef> (System.Xml.XmlNode,bool)
Verse.DirectXmlLoader:DefFromNode (System.Xml.XmlNode,Verse.LoadableXmlAsset)
Verse.LoadedModManager:ParseAndProcessXML (System.Xml.XmlDocument,System.Collections.Generic.Dictionary`2<System.Xml.XmlNode, Verse.LoadableXmlAsset>)
Verse.LoadedModManager:LoadAllActiveMods ()
Verse.PlayDataLoader:DoPlayLoad ()
Verse.PlayDataLoader:LoadAllPlayData (bool)
Verse.Root/<>c:<Start>b__6_1 ()
Verse.LongEventHandler:RunEventFromAnotherThread (System.Action)
Verse.LongEventHandler/<>c:<UpdateCurrentAsynchronousEvent>b__27_0 ()
System.Threading.ThreadHelper:ThreadStart_Context (object)
System.Threading.ExecutionContext:RunInternal (System.Threading.ExecutionContext,System.Threading.ContextCallback,object,bool)
System.Threading.ExecutionContext:Run (System.Threading.ExecutionContext,System.Threading.ContextCallback,object,bool)
System.Threading.ExecutionContext:Run (System.Threading.ExecutionContext,System.Threading.ContextCallback,object)
System.Threading.ThreadHelper:ThreadStart ()

Parsed 1.5 as int.
UnityEngine.StackTraceUtility:ExtractStackTrace ()
Verse.Log:Warning (string)
Verse.ParseHelper:ParseIntPermissive (string)
Verse.ParseHelper:FromString<int> (string)
Verse.DirectXmlToObject:ObjectFromXml<int> (System.Xml.XmlNode,bool)
Verse.DirectXmlToObject:ObjectFromXmlReflection<int> (System.Xml.XmlNode,bool)
Verse.DirectXmlToObject:ObjectFromXml<Verse.ThingDef> (System.Xml.XmlNode,bool)
Verse.DirectXmlToObject:ObjectFromXmlReflection<Verse.ThingDef> (System.Xml.XmlNode,bool)
Verse.DirectXmlLoader:DefFromNode (System.Xml.XmlNode,Verse.LoadableXmlAsset)
Verse.LoadedModManager:ParseAndProcessXML (System.Xml.XmlDocument,System.Collections.Generic.Dictionary`2<System.Xml.XmlNode, Verse.LoadableXmlAsset>)
Verse.LoadedModManager:LoadAllActiveMods ()
Verse.PlayDataLoader:DoPlayLoad ()
Verse.PlayDataLoader:LoadAllPlayData (bool)
Verse.Root/<>c:<Start>b__6_1 ()
Verse.LongEventHandler:RunEventFromAnotherThread (System.Action)
Verse.LongEventHandler/<>c:<UpdateCurrentAsynchronousEvent>b__27_0 ()
System.Threading.ThreadHelper:ThreadStart_Context (object)
System.Threading.ExecutionContext:RunInternal (System.Threading.ExecutionContext,System.Threading.ContextCallback,object,bool)
System.Threading.ExecutionContext:Run (System.Threading.ExecutionContext,System.Threading.ContextCallback,object,bool)
System.Threading.ExecutionContext:Run (System.Threading.ExecutionContext,System.Threading.ContextCallback,object)
System.Threading.ThreadHelper:ThreadStart ()

XML error: <Textures><texPath>/CM_Things/Item/Resource_CM_KaylaJuice.png</texPath></Textures> doesn't correspond to any field in type GraphicData. Context: <graphicData><Textures><texPath>/CM_Things/Item/Resource_CM_KaylaJuice.png</texPath></Textures></graphicData>
UnityEngine.StackTraceUtility:ExtractStackTrace ()
Verse.Log:Error (string)
Verse.DirectXmlToObject:ObjectFromXml<Verse.GraphicData> (System.Xml.XmlNode,bool)
Verse.DirectXmlToObject:ObjectFromXmlReflection<Verse.GraphicData> (System.Xml.XmlNode,bool)
Verse.DirectXmlToObject:ObjectFromXml<Verse.ThingDef> (System.Xml.XmlNode,bool)
Verse.DirectXmlToObject:ObjectFromXmlReflection<Verse.ThingDef> (System.Xml.XmlNode,bool)
Verse.DirectXmlLoader:DefFromNode (System.Xml.XmlNode,Verse.LoadableXmlAsset)
Verse.LoadedModManager:ParseAndProcessXML (System.Xml.XmlDocument,System.Collections.Generic.Dictionary`2<System.Xml.XmlNode, Verse.LoadableXmlAsset>)
Verse.LoadedModManager:LoadAllActiveMods ()
Verse.PlayDataLoader:DoPlayLoad ()
Verse.PlayDataLoader:LoadAllPlayData (bool)
Verse.Root/<>c:<Start>b__6_1 ()
Verse.LongEventHandler:RunEventFromAnotherThread (System.Action)
Verse.LongEventHandler/<>c:<UpdateCurrentAsynchronousEvent>b__27_0 ()
System.Threading.ThreadHelper:ThreadStart_Context (object)
System.Threading.ExecutionContext:RunInternal (System.Threading.ExecutionContext,System.Threading.ContextCallback,object,bool)
System.Threading.ExecutionContext:Run (System.Threading.ExecutionContext,System.Threading.ContextCallback,object,bool)
System.Threading.ExecutionContext:Run (System.Threading.ExecutionContext,System.Threading.ContextCallback,object)
System.Threading.ThreadHelper:ThreadStart ()

Mod keeganWelch.crazyMod has multiple Verse.BuildableDefs named CM_Meowflower. Skipping.
UnityEngine.StackTraceUtility:ExtractStackTrace ()
Verse.Log:Error (string)
Verse.DefDatabase`1<Verse.BuildableDef>:AddAllInMods ()
System.Reflection.MonoMethod:Invoke (object,System.Reflection.BindingFlags,System.Reflection.Binder,object[],System.Globalization.CultureInfo)
System.Reflection.MethodBase:Invoke (object,object[])
Verse.GenGeneric:InvokeStaticMethodOnGenericType (System.Type,System.Type,string)
Verse.PlayDataLoader/<>c:<DoPlayLoad>b__4_0 (System.Type)
System.Threading.Tasks.Parallel/<>c__DisplayClass31_0`2<System.Type, object>:<ForEachWorker>b__0 (int)
System.Threading.Tasks.Parallel/<>c__DisplayClass17_0`1<object>:<ForWorker>b__1 ()
System.Threading.Tasks.Task:InnerInvoke ()
System.Threading.Tasks.Task:InnerInvokeWithArg (System.Threading.Tasks.Task)
System.Threading.Tasks.Task/<>c__DisplayClass178_0:<ExecuteSelfReplicating>b__0 (object)
System.Threading.Tasks.Task:InnerInvoke ()
System.Threading.Tasks.Task:Execute ()
System.Threading.Tasks.Task:ExecutionContextCallback (object)
System.Threading.ExecutionContext:RunInternal (System.Threading.ExecutionContext,System.Threading.ContextCallback,object,bool)
System.Threading.ExecutionContext:Run (System.Threading.ExecutionContext,System.Threading.ContextCallback,object,bool)
System.Threading.Tasks.Task:ExecuteWithThreadLocal (System.Threading.Tasks.Task&)
System.Threading.Tasks.Task:ExecuteEntry (bool)
System.Threading.Tasks.Task:System.Threading.IThreadPoolWorkItem.ExecuteWorkItem ()
System.Threading.ThreadPoolWorkQueue:Dispatch ()
System.Threading._ThreadPoolWaitCallback:PerformWaitCallback ()

Mod keeganWelch.crazyMod has multiple Verse.ThingDefs named CM_Meowflower. Skipping.
UnityEngine.StackTraceUtility:ExtractStackTrace ()
Verse.Log:Error (string)
Verse.DefDatabase`1<Verse.ThingDef>:AddAllInMods ()
System.Reflection.MonoMethod:Invoke (object,System.Reflection.BindingFlags,System.Reflection.Binder,object[],System.Globalization.CultureInfo)
System.Reflection.MethodBase:Invoke (object,object[])
Verse.GenGeneric:InvokeStaticMethodOnGenericType (System.Type,System.Type,string)
Verse.PlayDataLoader/<>c:<DoPlayLoad>b__4_0 (System.Type)
System.Threading.Tasks.Parallel/<>c__DisplayClass31_0`2<System.Type, object>:<ForEachWorker>b__0 (int)
System.Threading.Tasks.Parallel/<>c__DisplayClass17_0`1<object>:<ForWorker>b__1 ()
System.Threading.Tasks.Task:InnerInvoke ()
System.Threading.Tasks.Task:InnerInvokeWithArg (System.Threading.Tasks.Task)
System.Threading.Tasks.Task/<>c__DisplayClass178_0:<ExecuteSelfReplicating>b__0 (object)
System.Threading.Tasks.Task:InnerInvoke ()
System.Threading.Tasks.Task:Execute ()
System.Threading.Tasks.Task:ExecutionContextCallback (object)
System.Threading.ExecutionContext:RunInternal (System.Threading.ExecutionContext,System.Threading.ContextCallback,object,bool)
System.Threading.ExecutionContext:Run (System.Threading.ExecutionContext,System.Threading.ContextCallback,object,bool)
System.Threading.Tasks.Task:ExecuteWithThreadLocal (System.Threading.Tasks.Task&)
System.Threading.Tasks.Task:ExecuteEntry (bool)
System.Threading.Tasks.Task:System.Threading.IThreadPoolWorkItem.ExecuteWorkItem ()
System.Threading.ThreadPoolWorkQueue:Dispatch ()
System.Threading._ThreadPoolWaitCallback:PerformWaitCallback ()

Could not resolve cross-reference: No Verse.ThingDef named ExamplePlant_RawTheragold found to give to RimWorld.PlantProperties RimWorld.PlantProperties
UnityEngine.StackTraceUtility:ExtractStackTrace ()
Verse.Log:Error (string)
Verse.DirectXmlCrossRefLoader/WantedRefForObject:TryResolve (Verse.FailMode)
Verse.DirectXmlCrossRefLoader/<>c__DisplayClass16_1:<ResolveAllWantedCrossReferences>b__0 (Verse.DirectXmlCrossRefLoader/WantedRef)
Verse.GenThreading/<>c__DisplayClass7_1`1<Verse.DirectXmlCrossRefLoader/WantedRef>:<ParallelForEach>b__0 (object)
System.Threading.QueueUserWorkItemCallback:WaitCallback_Context (object)
System.Threading.ExecutionContext:RunInternal (System.Threading.ExecutionContext,System.Threading.ContextCallback,object,bool)
System.Threading.ExecutionContext:Run (System.Threading.ExecutionContext,System.Threading.ContextCallback,object,bool)
System.Threading.QueueUserWorkItemCallback:System.Threading.IThreadPoolWorkItem.ExecuteWorkItem ()
System.Threading.ThreadPoolWorkQueue:Dispatch ()
System.Threading._ThreadPoolWaitCallback:PerformWaitCallback ()

Could not resolve cross-reference: No RimWorld.StatDef named GeneralLabourSpeed found to give to Verse.RecipeDef CM_MakeKJ
UnityEngine.StackTraceUtility:ExtractStackTrace ()
Verse.Log:Error (string)
Verse.DirectXmlCrossRefLoader/WantedRefForObject:TryResolve (Verse.FailMode)
Verse.DirectXmlCrossRefLoader/<>c__DisplayClass16_1:<ResolveAllWantedCrossReferences>b__0 (Verse.DirectXmlCrossRefLoader/WantedRef)
Verse.GenThreading/<>c__DisplayClass7_1`1<Verse.DirectXmlCrossRefLoader/WantedRef>:<ParallelForEach>b__0 (object)
System.Threading.QueueUserWorkItemCallback:WaitCallback_Context (object)
System.Threading.ExecutionContext:RunInternal (System.Threading.ExecutionContext,System.Threading.ContextCallback,object,bool)
System.Threading.ExecutionContext:Run (System.Threading.ExecutionContext,System.Threading.ContextCallback,object,bool)
System.Threading.QueueUserWorkItemCallback:System.Threading.IThreadPoolWorkItem.ExecuteWorkItem ()
System.Threading.ThreadPoolWorkQueue:Dispatch ()
System.Threading._ThreadPoolWaitCallback:PerformWaitCallback ()

Could not resolve cross-reference: No RimWorld.StatDef named GlobalWorkSpeed found to give to RimWorld.StatModifier (null stat)
UnityEngine.StackTraceUtility:ExtractStackTrace ()
Verse.Log:Error (string)
Verse.DirectXmlCrossRefLoader/WantedRefForObject:TryResolve (Verse.FailMode)
Verse.DirectXmlCrossRefLoader/<>c__DisplayClass16_1:<ResolveAllWantedCrossReferences>b__0 (Verse.DirectXmlCrossRefLoader/WantedRef)
Verse.GenThreading/<>c__DisplayClass7_1`1<Verse.DirectXmlCrossRefLoader/WantedRef>:<ParallelForEach>b__0 (object)
System.Threading.QueueUserWorkItemCallback:WaitCallback_Context (object)
System.Threading.ExecutionContext:RunInternal (System.Threading.ExecutionContext,System.Threading.ContextCallback,object,bool)
System.Threading.ExecutionContext:Run (System.Threading.ExecutionContext,System.Threading.ContextCallback,object,bool)
System.Threading.QueueUserWorkItemCallback:System.Threading.IThreadPoolWorkItem.ExecuteWorkItem ()
System.Threading.ThreadPoolWorkQueue:Dispatch ()
System.Threading._ThreadPoolWaitCallback:PerformWaitCallback ()

Could not load UnityEngine.Texture2D at CM_Things/Item/Resource_CM_ShortSword in any active mod or in base resources.
UnityEngine.StackTraceUtility:ExtractStackTrace ()
Verse.Log:Error (string)
Verse.ContentFinder`1<UnityEngine.Texture2D>:Get (string,bool)
Verse.Graphic_Single:Init (Verse.GraphicRequest)
Verse.GraphicDatabase:GetInner<Verse.Graphic_Single> (Verse.GraphicRequest)
Verse.GraphicDatabase:Get (Verse.GraphicRequest)
Verse.GraphicDatabase:Get (System.Type,string,UnityEngine.Shader,UnityEngine.Vector2,UnityEngine.Color,UnityEngine.Color,Verse.GraphicData,System.Collections.Generic.List`1<Verse.ShaderParameter>,string)
Verse.GraphicData:Init ()
Verse.GraphicData:get_Graphic ()
Verse.ThingDef:<PostLoad>b__349_0 ()
Verse.LongEventHandler:ExecuteToExecuteWhenFinished ()
Verse.LongEventHandler:UpdateCurrentAsynchronousEvent ()
Verse.LongEventHandler:LongEventsUpdate (bool&)
Verse.Root:Update ()
Verse.Root_Entry:Update ()

Could not execute post-long-event action. Exception: System.NullReferenceException: Object reference not set to an instance of an object
  at Verse.GlobalTextureAtlasManager.TryInsertStatic (Verse.TextureAtlasGroup group, UnityEngine.Texture2D texture, UnityEngine.Texture2D mask) [0x00000] in <cd7169108ea74757aa50c5b33d275c15>:0 
  at Verse.Graphic_Single.TryInsertIntoAtlas (Verse.TextureAtlasGroup groupKey) [0x00036] in <cd7169108ea74757aa50c5b33d275c15>:0 
  at Verse.Graphic_RandomRotated.TryInsertIntoAtlas (Verse.TextureAtlasGroup group) [0x00000] in <cd7169108ea74757aa50c5b33d275c15>:0 
  at Verse.ThingDef.<PostLoad>b__349_0 () [0x00043] in <cd7169108ea74757aa50c5b33d275c15>:0 
  at Verse.LongEventHandler.ExecuteToExecuteWhenFinished () [0x0007c] in <cd7169108ea74757aa50c5b33d275c15>:0 
UnityEngine.StackTraceUtility:ExtractStackTrace ()
Verse.Log:Error (string)
Verse.LongEventHandler:ExecuteToExecuteWhenFinished ()
Verse.LongEventHandler:UpdateCurrentAsynchronousEvent ()
Verse.LongEventHandler:LongEventsUpdate (bool&)
Verse.Root:Update ()
Verse.Root_Entry:Update ()

Could not load UnityEngine.Texture2D at CM_Things/Item/Meowflower in any active mod or in base resources.
UnityEngine.StackTraceUtility:ExtractStackTrace ()
Verse.Log:Error (string)
Verse.ContentFinder`1<UnityEngine.Texture2D>:Get (string,bool)
Verse.Graphic_Single:Init (Verse.GraphicRequest)
Verse.GraphicDatabase:GetInner<Verse.Graphic_Single> (Verse.GraphicRequest)
Verse.GraphicDatabase:Get (Verse.GraphicRequest)
Verse.GraphicDatabase:Get (System.Type,string,UnityEngine.Shader,UnityEngine.Vector2,UnityEngine.Color,UnityEngine.Color,Verse.GraphicData,System.Collections.Generic.List`1<Verse.ShaderParameter>,string)
Verse.GraphicData:Init ()
Verse.GraphicData:get_Graphic ()
Verse.ThingDef:<PostLoad>b__349_0 ()
Verse.LongEventHandler:ExecuteToExecuteWhenFinished ()
Verse.LongEventHandler:UpdateCurrentAsynchronousEvent ()
Verse.LongEventHandler:LongEventsUpdate (bool&)
Verse.Root:Update ()
Verse.Root_Entry:Update ()

Could not execute post-long-event action. Exception: System.NullReferenceException: Object reference not set to an instance of an object
  at Verse.GlobalTextureAtlasManager.TryInsertStatic (Verse.TextureAtlasGroup group, UnityEngine.Texture2D texture, UnityEngine.Texture2D mask) [0x00000] in <cd7169108ea74757aa50c5b33d275c15>:0 
  at Verse.Graphic_Single.TryInsertIntoAtlas (Verse.TextureAtlasGroup groupKey) [0x00036] in <cd7169108ea74757aa50c5b33d275c15>:0 
  at Verse.ThingDef.<PostLoad>b__349_0 () [0x00043] in <cd7169108ea74757aa50c5b33d275c15>:0 
  at Verse.LongEventHandler.ExecuteToExecuteWhenFinished () [0x0007c] in <cd7169108ea74757aa50c5b33d275c15>:0 
UnityEngine.StackTraceUtility:ExtractStackTrace ()
Verse.Log:Error (string)
Verse.LongEventHandler:ExecuteToExecuteWhenFinished ()
Verse.LongEventHandler:UpdateCurrentAsynchronousEvent ()
Verse.LongEventHandler:LongEventsUpdate (bool&)
Verse.Root:Update ()
Verse.Root_Entry:Update ()

Exception getting Verse.Graphic_StackCount at : System.ArgumentNullException: Value cannot be null.
Parameter name: folderPath
  at Verse.Graphic_Collection.Init (Verse.GraphicRequest req) [0x00019] in <cd7169108ea74757aa50c5b33d275c15>:0 
  at Verse.GraphicDatabase.GetInner[T] (Verse.GraphicRequest req) [0x00072] in <cd7169108ea74757aa50c5b33d275c15>:0 
  at (wrapper delegate-invoke) System.Func`2[Verse.GraphicRequest,Verse.Graphic].invoke_TResult_T(Verse.GraphicRequest)
  at Verse.GraphicDatabase.Get (Verse.GraphicRequest req) [0x00066] in <cd7169108ea74757aa50c5b33d275c15>:0 
UnityEngine.StackTraceUtility:ExtractStackTrace ()
Verse.Log:Error (string)
Verse.GraphicDatabase:Get (Verse.GraphicRequest)
Verse.GraphicDatabase:Get (System.Type,string,UnityEngine.Shader,UnityEngine.Vector2,UnityEngine.Color,UnityEngine.Color,Verse.GraphicData,System.Collections.Generic.List`1<Verse.ShaderParameter>,string)
Verse.GraphicData:Init ()
Verse.GraphicData:get_Graphic ()
Verse.ThingDef:<PostLoad>b__349_0 ()
Verse.LongEventHandler:ExecuteToExecuteWhenFinished ()
Verse.LongEventHandler:UpdateCurrentAsynchronousEvent ()
Verse.LongEventHandler:LongEventsUpdate (bool&)
Verse.Root:Update ()
Verse.Root_Entry:Update ()

Could not execute post-long-event action. Exception: System.NullReferenceException: Object reference not set to an instance of an object
  at Verse.ThingDef.<PostLoad>b__349_0 () [0x00043] in <cd7169108ea74757aa50c5b33d275c15>:0 
  at Verse.LongEventHandler.ExecuteToExecuteWhenFinished () [0x0007c] in <cd7169108ea74757aa50c5b33d275c15>:0 
UnityEngine.StackTraceUtility:ExtractStackTrace ()
Verse.Log:Error (string)
Verse.LongEventHandler:ExecuteToExecuteWhenFinished ()
Verse.LongEventHandler:UpdateCurrentAsynchronousEvent ()
Verse.LongEventHandler:LongEventsUpdate (bool&)
Verse.Root:Update ()
Verse.Root_Entry:Update ()

Collection cannot init: No textures found at path CM_Things/Plant/Meowflower
UnityEngine.StackTraceUtility:ExtractStackTrace ()
Verse.Log:Error (string)
Verse.Graphic_Collection:Init (Verse.GraphicRequest)
Verse.GraphicDatabase:GetInner<Verse.Graphic_Random> (Verse.GraphicRequest)
Verse.GraphicDatabase:Get (Verse.GraphicRequest)
Verse.GraphicDatabase:Get (System.Type,string,UnityEngine.Shader,UnityEngine.Vector2,UnityEngine.Color,UnityEngine.Color,Verse.GraphicData,System.Collections.Generic.List`1<Verse.ShaderParameter>,string)
Verse.GraphicData:Init ()
Verse.GraphicData:get_Graphic ()
Verse.ThingDef:<PostLoad>b__349_0 ()
Verse.LongEventHandler:ExecuteToExecuteWhenFinished ()
Verse.LongEventHandler:UpdateCurrentAsynchronousEvent ()
Verse.LongEventHandler:LongEventsUpdate (bool&)
Verse.Root:Update ()
Verse.Root_Entry:Update ()

Collection cannot init: No textures found at path CM_Things/Plant/ImmatureMeowflower
UnityEngine.StackTraceUtility:ExtractStackTrace ()
Verse.Log:Error (string)
Verse.Graphic_Collection:Init (Verse.GraphicRequest)
Verse.GraphicDatabase:GetInner<Verse.Graphic_Random> (Verse.GraphicRequest)
Verse.GraphicDatabase:Get (Verse.GraphicRequest)
Verse.GraphicDatabase:Get (System.Type,string,UnityEngine.Shader,UnityEngine.Vector2,UnityEngine.Color,UnityEngine.Color,Verse.GraphicData,System.Collections.Generic.List`1<Verse.ShaderParameter>,string)
Verse.GraphicDatabase:Get (System.Type,string,UnityEngine.Shader,UnityEngine.Vector2,UnityEngine.Color,UnityEngine.Color,string)
RimWorld.PlantProperties/<>c__DisplayClass85_0:<PostLoadSpecial>b__1 ()
Verse.LongEventHandler:ExecuteToExecuteWhenFinished ()
Verse.LongEventHandler:UpdateCurrentAsynchronousEvent ()
Verse.LongEventHandler:LongEventsUpdate (bool&)
Verse.Root:Update ()
Verse.Root_Entry:Update ()
